> Task :app:checkKotlinGradlePluginConfigurationErrors SKIPPED
> Task :app:preBuild UP-TO-DATE
> Task :app:preDebugBuild UP-TO-DATE
> Task :app:generateDebugBuildConfig UP-TO-DATE
> Task :app:checkDebugAarMetadata UP-TO-DATE
> Task :app:processDebugNavigationResources UP-TO-DATE
> Task :app:compileDebugNavigationResources UP-TO-DATE
> Task :app:generateDebugResValues UP-TO-DATE
> Task :app:mapDebugSourceSetPaths UP-TO-DATE
> Task :app:generateDebugResources UP-TO-DATE
> Task :app:mergeDebugResources UP-TO-DATE
> Task :app:packageDebugResources UP-TO-DATE
> Task :app:parseDebugLocalResources UP-TO-DATE
> Task :app:createDebugCompatibleScreenManifests UP-TO-DATE
> Task :app:extractDeepLinksDebug UP-TO-DATE
> Task :app:processDebugMainManifest UP-TO-DATE
> Task :app:processDebugManifest UP-TO-DATE
> Task :app:processDebugManifestForPackage UP-TO-DATE
> Task :app:processDebugResources UP-TO-DATE
> Task :app:kspDebugKotlin UP-TO-DATE

> Task :app:compileDebugKotlin FAILED
./gradlew : e: file:///C:/Users/HP/AndroidStudioProjects/BarAndGrillPOS/app/src/main/java/com/example/barandgrillpos/Ma
inActivity.kt:482:14 Smart cast to 'android.bluetooth.BluetoothAdapter' is impossible, because 'bluetoothAdapter' is a 
delegated property.
At line:1 char:1
+ ./gradlew :app:compileDebugKotlin > build_errors.txt 2>&1
+ ~~~~~~~~~~~~~~~~~~~~~~~~~~~~~~~~~~~~~~~~~~~~~~~~~~~~~~~~~
    + CategoryInfo          : NotSpecified: (e: file:///C:/U...gated property.:String) [], RemoteException
    + FullyQualifiedErrorId : NativeCommandError
 
e: file:///C:/Users/HP/AndroidStudioProjects/BarAndGrillPOS/app/src/main/java/com/example/barandgrillpos/MainActivity.k
t:554:84 Unresolved reference 'searchQuery'.
e: file:///C:/Users/HP/AndroidStudioProjects/BarAndGrillPOS/app/src/main/java/com/example/barandgrillpos/MainActivity.k
t:563:13 Unresolved reference 'searchQuery'.
e: file:///C:/Users/HP/AndroidStudioProjects/BarAndGrillPOS/app/src/main/java/com/example/barandgrillpos/MainActivity.k
t:564:45 Unresolved reference 'searchQuery'.
e: file:///C:/Users/HP/AndroidStudioProjects/BarAndGrillPOS/app/src/main/java/com/example/barandgrillpos/MainActivity.k
t:564:94 Unresolved reference 'searchQuery'.
e: file:///C:/Users/HP/AndroidStudioProjects/BarAndGrillPOS/app/src/main/java/com/example/barandgrillpos/MainActivity.k
t:576:13 This material API is experimental and is likely to change or to be removed in the future.
e: file:///C:/Users/HP/AndroidStudioProjects/BarAndGrillPOS/app/src/main/java/com/example/barandgrillpos/MainActivity.k
t:621:26 This material API is experimental and is likely to change or to be removed in the future.
e: file:///C:/Users/HP/AndroidStudioProjects/BarAndGrillPOS/app/src/main/java/com/example/barandgrillpos/MainActivity.k
t:621:44 This material API is experimental and is likely to change or to be removed in the future.
e: file:///C:/Users/HP/AndroidStudioProjects/BarAndGrillPOS/app/src/main/java/com/example/barandgrillpos/MainActivity.k
t:666:60 None of the following candidates is applicable:
fun colors(): TextFieldColors
fun colors(focusedTextColor: Color = ..., unfocusedTextColor: Color = ..., disabledTextColor: Color = ..., 
errorTextColor: Color = ..., focusedContainerColor: Color = ..., unfocusedContainerColor: Color = ..., 
disabledContainerColor: Color = ..., errorContainerColor: Color = ..., cursorColor: Color = ..., errorCursorColor: 
Color = ..., selectionColors: TextSelectionColors? = ..., focusedBorderColor: Color = ..., unfocusedBorderColor: Color 
= ..., disabledBorderColor: Color = ..., errorBorderColor: Color = ..., focusedLeadingIconColor: Color = ..., 
unfocusedLeadingIconColor: Color = ..., disabledLeadingIconColor: Color = ..., errorLeadingIconColor: Color = ..., 
focusedTrailingIconColor: Color = ..., unfocusedTrailingIconColor: Color = ..., disabledTrailingIconColor: Color = 
..., errorTrailingIconColor: Color = ..., focusedLabelColor: Color = ..., unfocusedLabelColor: Color = ..., 
disabledLabelColor: Color = ..., errorLabelColor: Color = ..., focusedPlaceholderColor: Color = ..., 
unfocusedPlaceholderColor: Color = ..., disabledPlaceholderColor: Color = ..., errorPlaceholderColor: Color = ..., 
focusedSupportingTextColor: Color = ..., unfocusedSupportingTextColor: Color = ..., disabledSupportingTextColor: Color 
= ..., errorSupportingTextColor: Color = ..., focusedPrefixColor: Color = ..., unfocusedPrefixColor: Color = ..., 
disabledPrefixColor: Color = ..., errorPrefixColor: Color = ..., focusedSuffixColor: Color = ..., 
unfocusedSuffixColor: Color = ..., disabledSuffixColor: Color = ..., errorSuffixColor: Color = ...): TextFieldColors
e: file:///C:/Users/HP/AndroidStudioProjects/BarAndGrillPOS/app/src/main/java/com/example/barandgrillpos/MainActivity.k
t:841:17 Suspend function 'suspend fun printThermalReceipt(context: Context, orderItems: List<OrderItem>, total: 
Double): Boolean' should be called only from a coroutine or another suspend function.
e: file:///C:/Users/HP/AndroidStudioProjects/BarAndGrillPOS/app/src/main/java/com/example/barandgrillpos/MainActivity.k
t:1147:48 Too many arguments for 'fun observeCustomers(): Flow<List<CustomerEntity>>'.
e: file:///C:/Users/HP/AndroidStudioProjects/BarAndGrillPOS/app/src/main/java/com/example/barandgrillpos/MainActivity.k
t:1195:59 Argument type mismatch: actual type is 'kotlin.Long', but 'kotlin.String' was expected.
e: file:///C:/Users/HP/AndroidStudioProjects/BarAndGrillPOS/app/src/main/java/com/example/barandgrillpos/data/sync/Sync
Worker.kt:244:49 Unresolved reference 'firstOrNull'.

[Incubating] Problems report is available at: file:///C:/Users/HP/AndroidStudioProjects/BarAndGrillPOS/build/reports/problems/problems-report.html

FAILURE: Build failed with an exception.

* What went wrong:
Execution failed for task ':app:compileDebugKotlin'.
> A failure occurred while executing 
org.jetbrains.kotlin.compilerRunner.GradleCompilerRunnerWithWorkers$GradleKotlinCompilerWorkAction
   > Compilation error. See log for more details

* Try:
> Run with --stacktrace option to get the stack trace.
> Run with --info or --debug option to get more log output.
> Run with --scan to get full insights.
> Get more help at https://help.gradle.org.

Deprecated Gradle features were used in this build, making it incompatible with Gradle 9.0.

You can use '--warning-mode all' to show the individual deprecation warnings and determine if they come from your own scripts or plugins.

For more on this, please refer to https://docs.gradle.org/8.13/userguide/command_line_interface.html#sec:command_line_warnings in the Gradle documentation.

BUILD FAILED in 5s
18 actionable tasks: 1 executed, 17 up-to-date
